ACGACAGAG
CGAGAGGTT



7
CGA-CAGAG--
CGAG-AG-GTT



          C    G    A    G    A    G    G    T    T
     0   -1   -2   -3   -4   -5   -6   -7   -8   -9
A    0    0   -1   -1   -2   -3   -4   -5   -6   -7
C    0    1    0   -1   -2   -3   -4   -5   -6   -7
G    0    0    2    1    0   -1   -2   -3   -4   -5
A    0    0    1    3    2    1    0   -1   -2   -3
C    0    1    0    2    2    1    0   -1   -2   -3
A    0    0    0    1    1    3    2    1    0   -1
G    0    0    1    0    2    2    4    3    2    1
A    0    0    0    2    1    3    3    3    2    1
G    0    0    1    1    3    2    4    4    3    2