1011
GIN-FVSPDNTHCDWGMRTFLGKEEMCKGC--FPCYFI-QP-LL-CDE-D-FYPY-IFT-YLGHGYEQYRAKAWSLHSNRVFLDQRPITWLHYIVEPCICIICHRKEWTGNMTMCPHETAPRELYKYIPVTKHHMDDRSLWQRSLMNAHDEAEAATCFNHIKWESLCPYWCGISL-HTGIASWCRKSENPGIQAWDIKSRTEKEGMACNWKD-FCTHEVIGK-S-L-KYRIMH-LGVVIKWYT---W----R-TMT--THKN-TNMRSTIWKES-RKL-F-RKFYPKLPNPEGI-HLKHANH-A-ERDI-YEQPFR--DQM-VQ-WQYRLQCPE--ERFT-QWVYWFRIWHY---I--EYNLDGPPKIFPPWTWEDCDTVGACPLEPDCETWGKNQAEWRWMPPQFGNWSHV-TN-SSRWWW-W------K-HTIFPGLGEWPWSPWSRECWADG----D--KLHSIPCMSVSMNKHNYSENITCTHKNHQQKIMMCVVPW-PRHLFVALIMMTGCRKTYYEDELDFDIVHKRKRWVQGSWRWL----NPGYVLPVKWTVQ--QYNEELHLSGEPATKT--IKASKSVWFAQDYPDAGVGVAAFLPFTKGHPDDQIDIMHHNSWIQAGNGVPPHDTRDRITCHIWEAYWMVLCVRDCDLC---V--WVIEHKPNYYYITSWKKN-HMN-RT---HWNLAHNHDQAVPFSVDQTE-PMEYLFYWSC-R-DCHYRLRQ-CR-QKLP-EEFNVPI-YAARGWFICV-CIF-VY-FDH--D-P--HDG-NKE-WCTPGIMIKWS-M-WRYD-TIQRMVPNMGFKIRTRLQCSWMIWHEADDDFNFVGKWLWICENIGDQIWRRQYPGQWIWQILDWGGYSNEVW-GLQSIRSI-LLGEYDCCEQTKISKKHP-VEQEF-KGIP--MV-QQELECKYGDHENCIPFEQC-KGSVQFKEYR--FI
GLQCYIGPPK-H--WGPWE---KN-VSR-YLWFT-YFIPHTDEWPCGQCAKMHDTGVHNIFKDKQYDNYRG--FSVTAN--Y-T-RH--WKQFY-HT-M-WI-ERPE-S-EM-ISERTRLDITLYKEINRGSEQDTDEYLYMLPMLSVNP-GHRAQ-IEARHW-SMHSTQ-ATQFSPVDVDHFTF-SQ-PGAETW-VEMHVAGH-VTCFITGKYC-RDMYTQMAILGTFHVIPTMSMALTPYIPEHWATDEHMTMALLTHLYYVFLNKEFWFAAFWQMPYENNHY--MHDQNAACKYKHQHKCKFAWNCQMRHNLRYAEHKQVPTWR-EIHSATMIERFTGQ-VCLFRIWHYMCKVPCEYQLDGPPKIFP-WTWGDCCTVGACPLEDDCETRGKFQAHWRWMPPQFGGWSYVYSDMINMWWWVLQQDVNTKKHTIFPG--EIA-QD-CRECWADGFFLYHCFVLHSIPCSSVSMNKHNYDEENICTHKN-DQ--M----PWVSRHLFVALIHMTGCGNQV-PIK-TYDEVHK-NQ--Q-SWRWMFVQQNPGYVLPVKLHIQAHQYKN-W-FW-EPATKTTVIKASKSPWFAQGYPTKGHPDDQ-IDI-H-HHNSWI-LKYLFPWAFKGNGVPVHDTRDRIT---W-----VLCVRDCDLCCLDILKWGVGPFSNYYCIRCWAHHGPPDGRPWQCHWTNVHLMGQQFMFPKPIIELP-ERGKKWGHDMGDCAWVQKDLNWWRRMKWTHMKRHMEFVT-G--ACFKGKFGVIRNNHWREIPTDHEGLHNNFW-A-GLCEKWTGAPW-YLFCVLSFI-N-G-PVRHHM-SN-KT-KEMMCDMNY---WIGEC-YCGPG-RKQQHI-KWQWENFIWGD-NVE-WCGVVP-QNMDTMTHFA--E-IKWTRWWGDMNMAFISGYRFCMLSDNAADSVVVEVDHIIDFEDCFKCYIE-QAYQAGFL
